players 2
rows 50
cols 50
m %%%%%%%%%%%%%%%%%%%%%%%%%%%%%%%%%%%%%%%%%%%%%%%%%%
m %%%%%%%%%%%%%%%%%%%%%%%%%%%%%%%%%%%%%%%%%%%%%%%%%%
m %%..............................................%%
m %%.*...................*......................*.%%
m %%..............................................%%
m %%...%%%%%%%%%%%%%%%%%%%%%%%%%%%%%%%%%%%%%%%%...%%
m %%...%......................................%...%%
m %%...%.*...............*..................*.%...%%
m %%...%......................................%...%%
m %%...%...%%%%%%%%%%%%%%%%%%%%%%%%%%%%%%%%...%...%%
m %%...%...%..............................%...%...%%
m %%...%...%.*...........*..............*.%...%...%%
m %%...%...%..............................%...%...%%
m %%...%...%...%%%%%%%%%%%%%%%%%%%%%%%%...%...%...%%
m %%...%...%...%......................%...%...%...%%
m %%...%...%...%.*.......*..........*.%...%...%...%%
m %%...%...%...%......................%...%...%...%%
m %%...%...%...%...%%%%%%%%%%%%%%%%...%...%...%...%%
m %%...%...%...%...%..............%...%...%...%...%%
m %%...%...%...%...%.*...*......*.%...%...%...%...%%
m %%...%...%...%...%..............%...%...%...%...%%
m %%...%...%...%...%...%%%%%%%%...%...%...%...%...%%
m %%...%...%...%...%...%......%...%...%...%...%...%%
m %%...%...%...%...%...%.A.a..%...%...%...%...%...%%
m %%.*.%.*.%.*.%.*.%.*.%......%.*.%.*.%.*.%.*.%.*.%%
m %%...%...%...%...%...%%%%...%...%...%...%...%...%%
m %%...%...%...%...%.*......*.%...%...%...%...%...%%
m %%...%...%...%...%..........%...%...%...%...%...%%
m %%...%...%...%...%%%%%%%%%%%%...%...%...%...%...%%
m %%...%...%...%..................%...%...%...%...%%
m %%...%...%...%.*.......*......*.%...%...%...%...%%
m %%...%...%...%..................%...%...%...%...%%
m %%...%...%...%%%%%%%%%%%%%%%%%%%%...%...%...%...%%
m %%...%...%..........................%...%...%...%%
m %%...%...%.*...........*..........*.%...%...%...%%
m %%...%...%..........................%...%...%...%%
m %%...%...%%%%%%%%%%%%%%%%%%%%%%%%%%%%...%...%...%%
m %%...%..................................%...%...%%
m %%...%.*...............*..............*.%...%...%%
m %%...%..................................%...%...%%
m %%...%%%%%%%%%%%%%%%%%%%%%%%%%%%%%%%%%%%%...%...%%
m %%..........................................%...%%
m %%.*...................*..................*.%...%%
m %%..........................................%...%%
m %%%%%%%%%%%%%%%%%%%%%%%%%%%%%%%%%%%%%%%%%%%%%...%%
m %%..............................................%%
m %%.B.....b.............*......................*.%%
m %%..............................................%%
m %%%%%%%%%%%%%%%%%%%%%%%%%%%%%%%%%%%%%%%%%%%%%%%%%%
m %%%%%%%%%%%%%%%%%%%%%%%%%%%%%%%%%%%%%%%%%%%%%%%%%%
